------------------------------------------------------------
Timing Analyzer Summary
------------------------------------------------------------

Type  : Slow 1200mV 85C Model Setup 'switches[0]'
Slack : -10.598
TNS   : -31.349

Type  : Slow 1200mV 85C Model Setup 'clock50MHz'
Slack : -1.351
TNS   : -7.642

Type  : Slow 1200mV 85C Model Setup 'debounce:debounce2|clock_div:u1|slow_clk'
Slack : -0.054
TNS   : -0.054

Type  : Slow 1200mV 85C Model Setup 'debounce:debounce1|clock_div:u1|slow_clk'
Slack : 0.138
TNS   : 0.000

Type  : Slow 1200mV 85C Model Setup 'clock_divider|altpll_component|auto_generated|pll1|clk[0]'
Slack : 30.093
TNS   : 0.000

Type  : Slow 1200mV 85C Model Hold 'switches[0]'
Slack : -0.720
TNS   : -0.720

Type  : Slow 1200mV 85C Model Hold 'debounce:debounce2|clock_div:u1|slow_clk'
Slack : 0.426
TNS   : 0.000

Type  : Slow 1200mV 85C Model Hold 'debounce:debounce1|clock_div:u1|slow_clk'
Slack : 0.427
TNS   : 0.000

Type  : Slow 1200mV 85C Model Hold 'clock_divider|altpll_component|auto_generated|pll1|clk[0]'
Slack : 0.428
TNS   : 0.000

Type  : Slow 1200mV 85C Model Hold 'clock50MHz'
Slack : 0.513
TNS   : 0.000

Type  : Slow 1200mV 85C Model Recovery 'switches[0]'
Slack : -8.627
TNS   : -25.289

Type  : Slow 1200mV 85C Model Removal 'switches[0]'
Slack : 3.664
TNS   : 0.000

Type  : Slow 1200mV 85C Model Minimum Pulse Width 'switches[0]'
Slack : -3.000
TNS   : -13.130

Type  : Slow 1200mV 85C Model Minimum Pulse Width 'debounce:debounce1|clock_div:u1|slow_clk'
Slack : -1.403
TNS   : -4.209

Type  : Slow 1200mV 85C Model Minimum Pulse Width 'debounce:debounce2|clock_div:u1|slow_clk'
Slack : -1.403
TNS   : -4.209

Type  : Slow 1200mV 85C Model Minimum Pulse Width 'clock50MHz'
Slack : 9.698
TNS   : 0.000

Type  : Slow 1200mV 85C Model Minimum Pulse Width 'clock_divider|altpll_component|auto_generated|pll1|clk[0]'
Slack : 19.616
TNS   : 0.000

Type  : Slow 1200mV 0C Model Setup 'switches[0]'
Slack : -10.250
TNS   : -30.466

Type  : Slow 1200mV 0C Model Setup 'clock50MHz'
Slack : -1.152
TNS   : -6.355

Type  : Slow 1200mV 0C Model Setup 'debounce:debounce2|clock_div:u1|slow_clk'
Slack : 0.031
TNS   : 0.000

Type  : Slow 1200mV 0C Model Setup 'debounce:debounce1|clock_div:u1|slow_clk'
Slack : 0.214
TNS   : 0.000

Type  : Slow 1200mV 0C Model Setup 'clock_divider|altpll_component|auto_generated|pll1|clk[0]'
Slack : 30.892
TNS   : 0.000

Type  : Slow 1200mV 0C Model Hold 'switches[0]'
Slack : -0.685
TNS   : -0.685

Type  : Slow 1200mV 0C Model Hold 'clock_divider|altpll_component|auto_generated|pll1|clk[0]'
Slack : 0.349
TNS   : 0.000

Type  : Slow 1200mV 0C Model Hold 'debounce:debounce1|clock_div:u1|slow_clk'
Slack : 0.392
TNS   : 0.000

Type  : Slow 1200mV 0C Model Hold 'debounce:debounce2|clock_div:u1|slow_clk'
Slack : 0.392
TNS   : 0.000

Type  : Slow 1200mV 0C Model Hold 'clock50MHz'
Slack : 0.436
TNS   : 0.000

Type  : Slow 1200mV 0C Model Recovery 'switches[0]'
Slack : -8.320
TNS   : -24.508

Type  : Slow 1200mV 0C Model Removal 'switches[0]'
Slack : 3.535
TNS   : 0.000

Type  : Slow 1200mV 0C Model Minimum Pulse Width 'switches[0]'
Slack : -3.000
TNS   : -11.134

Type  : Slow 1200mV 0C Model Minimum Pulse Width 'debounce:debounce1|clock_div:u1|slow_clk'
Slack : -1.403
TNS   : -4.209

Type  : Slow 1200mV 0C Model Minimum Pulse Width 'debounce:debounce2|clock_div:u1|slow_clk'
Slack : -1.403
TNS   : -4.209

Type  : Slow 1200mV 0C Model Minimum Pulse Width 'clock50MHz'
Slack : 9.671
TNS   : 0.000

Type  : Slow 1200mV 0C Model Minimum Pulse Width 'clock_divider|altpll_component|auto_generated|pll1|clk[0]'
Slack : 19.593
TNS   : 0.000

Type  : Fast 1200mV 0C Model Setup 'switches[0]'
Slack : -5.209
TNS   : -15.190

Type  : Fast 1200mV 0C Model Setup 'clock50MHz'
Slack : -0.074
TNS   : -0.296

Type  : Fast 1200mV 0C Model Setup 'debounce:debounce2|clock_div:u1|slow_clk'
Slack : 0.542
TNS   : 0.000

Type  : Fast 1200mV 0C Model Setup 'debounce:debounce1|clock_div:u1|slow_clk'
Slack : 0.620
TNS   : 0.000

Type  : Fast 1200mV 0C Model Setup 'clock_divider|altpll_component|auto_generated|pll1|clk[0]'
Slack : 35.139
TNS   : 0.000

Type  : Fast 1200mV 0C Model Hold 'switches[0]'
Slack : -0.361
TNS   : -0.361

Type  : Fast 1200mV 0C Model Hold 'clock50MHz'
Slack : 0.157
TNS   : 0.000

Type  : Fast 1200mV 0C Model Hold 'debounce:debounce2|clock_div:u1|slow_clk'
Slack : 0.159
TNS   : 0.000

Type  : Fast 1200mV 0C Model Hold 'debounce:debounce1|clock_div:u1|slow_clk'
Slack : 0.160
TNS   : 0.000

Type  : Fast 1200mV 0C Model Hold 'clock_divider|altpll_component|auto_generated|pll1|clk[0]'
Slack : 0.210
TNS   : 0.000

Type  : Fast 1200mV 0C Model Recovery 'switches[0]'
Slack : -4.915
TNS   : -14.492

Type  : Fast 1200mV 0C Model Removal 'switches[0]'
Slack : 1.835
TNS   : 0.000

Type  : Fast 1200mV 0C Model Minimum Pulse Width 'switches[0]'
Slack : -3.000
TNS   : -6.164

Type  : Fast 1200mV 0C Model Minimum Pulse Width 'debounce:debounce1|clock_div:u1|slow_clk'
Slack : -1.000
TNS   : -3.000

Type  : Fast 1200mV 0C Model Minimum Pulse Width 'debounce:debounce2|clock_div:u1|slow_clk'
Slack : -1.000
TNS   : -3.000

Type  : Fast 1200mV 0C Model Minimum Pulse Width 'clock50MHz'
Slack : 9.468
TNS   : 0.000

Type  : Fast 1200mV 0C Model Minimum Pulse Width 'clock_divider|altpll_component|auto_generated|pll1|clk[0]'
Slack : 19.665
TNS   : 0.000

------------------------------------------------------------
