------------------------------------------------------------
Timing Analyzer Summary
------------------------------------------------------------

Type  : Slow 1200mV 85C Model Setup 'switches[0]'
Slack : -10.473
TNS   : -30.240

Type  : Slow 1200mV 85C Model Setup 'clock50MHz'
Slack : -0.788
TNS   : -4.747

Type  : Slow 1200mV 85C Model Setup 'debounce:debounce2|clock_div:u1|slow_clk'
Slack : -0.009
TNS   : -0.009

Type  : Slow 1200mV 85C Model Setup 'debounce:debounce1|clock_div:u1|slow_clk'
Slack : 0.138
TNS   : 0.000

Type  : Slow 1200mV 85C Model Setup 'clock_divider|altpll_component|auto_generated|pll1|clk[0]'
Slack : 29.090
TNS   : 0.000

Type  : Slow 1200mV 85C Model Hold 'switches[0]'
Slack : -0.369
TNS   : -0.601

Type  : Slow 1200mV 85C Model Hold 'debounce:debounce1|clock_div:u1|slow_clk'
Slack : 0.429
TNS   : 0.000

Type  : Slow 1200mV 85C Model Hold 'debounce:debounce2|clock_div:u1|slow_clk'
Slack : 0.444
TNS   : 0.000

Type  : Slow 1200mV 85C Model Hold 'clock_divider|altpll_component|auto_generated|pll1|clk[0]'
Slack : 0.503
TNS   : 0.000

Type  : Slow 1200mV 85C Model Hold 'clock50MHz'
Slack : 0.631
TNS   : 0.000

Type  : Slow 1200mV 85C Model Recovery 'switches[0]'
Slack : -8.002
TNS   : -23.664

Type  : Slow 1200mV 85C Model Removal 'switches[0]'
Slack : 3.028
TNS   : 0.000

Type  : Slow 1200mV 85C Model Minimum Pulse Width 'switches[0]'
Slack : -3.000
TNS   : -15.214

Type  : Slow 1200mV 85C Model Minimum Pulse Width 'debounce:debounce1|clock_div:u1|slow_clk'
Slack : -1.403
TNS   : -4.209

Type  : Slow 1200mV 85C Model Minimum Pulse Width 'debounce:debounce2|clock_div:u1|slow_clk'
Slack : -1.403
TNS   : -4.209

Type  : Slow 1200mV 85C Model Minimum Pulse Width 'clock50MHz'
Slack : 9.649
TNS   : 0.000

Type  : Slow 1200mV 85C Model Minimum Pulse Width 'clock_divider|altpll_component|auto_generated|pll1|clk[0]'
Slack : 19.626
TNS   : 0.000

Type  : Slow 1200mV 0C Model Setup 'switches[0]'
Slack : -10.077
TNS   : -29.043

Type  : Slow 1200mV 0C Model Setup 'clock50MHz'
Slack : -0.597
TNS   : -3.005

Type  : Slow 1200mV 0C Model Setup 'debounce:debounce2|clock_div:u1|slow_clk'
Slack : 0.073
TNS   : 0.000

Type  : Slow 1200mV 0C Model Setup 'debounce:debounce1|clock_div:u1|slow_clk'
Slack : 0.215
TNS   : 0.000

Type  : Slow 1200mV 0C Model Setup 'clock_divider|altpll_component|auto_generated|pll1|clk[0]'
Slack : 29.811
TNS   : 0.000

Type  : Slow 1200mV 0C Model Hold 'switches[0]'
Slack : -0.363
TNS   : -0.601

Type  : Slow 1200mV 0C Model Hold 'debounce:debounce1|clock_div:u1|slow_clk'
Slack : 0.393
TNS   : 0.000

Type  : Slow 1200mV 0C Model Hold 'debounce:debounce2|clock_div:u1|slow_clk'
Slack : 0.412
TNS   : 0.000

Type  : Slow 1200mV 0C Model Hold 'clock_divider|altpll_component|auto_generated|pll1|clk[0]'
Slack : 0.424
TNS   : 0.000

Type  : Slow 1200mV 0C Model Hold 'clock50MHz'
Slack : 0.446
TNS   : 0.000

Type  : Slow 1200mV 0C Model Recovery 'switches[0]'
Slack : -7.978
TNS   : -23.619

Type  : Slow 1200mV 0C Model Removal 'switches[0]'
Slack : 2.971
TNS   : 0.000

Type  : Slow 1200mV 0C Model Minimum Pulse Width 'switches[0]'
Slack : -3.000
TNS   : -12.928

Type  : Slow 1200mV 0C Model Minimum Pulse Width 'debounce:debounce1|clock_div:u1|slow_clk'
Slack : -1.403
TNS   : -4.209

Type  : Slow 1200mV 0C Model Minimum Pulse Width 'debounce:debounce2|clock_div:u1|slow_clk'
Slack : -1.403
TNS   : -4.209

Type  : Slow 1200mV 0C Model Minimum Pulse Width 'clock50MHz'
Slack : 9.718
TNS   : 0.000

Type  : Slow 1200mV 0C Model Minimum Pulse Width 'clock_divider|altpll_component|auto_generated|pll1|clk[0]'
Slack : 19.609
TNS   : 0.000

Type  : Fast 1200mV 0C Model Setup 'switches[0]'
Slack : -4.965
TNS   : -14.142

Type  : Fast 1200mV 0C Model Setup 'clock50MHz'
Slack : -0.001
TNS   : -0.001

Type  : Fast 1200mV 0C Model Setup 'debounce:debounce2|clock_div:u1|slow_clk'
Slack : 0.565
TNS   : 0.000

Type  : Fast 1200mV 0C Model Setup 'debounce:debounce1|clock_div:u1|slow_clk'
Slack : 0.621
TNS   : 0.000

Type  : Fast 1200mV 0C Model Setup 'clock_divider|altpll_component|auto_generated|pll1|clk[0]'
Slack : 34.530
TNS   : 0.000

Type  : Fast 1200mV 0C Model Hold 'switches[0]'
Slack : -0.509
TNS   : -0.920

Type  : Fast 1200mV 0C Model Hold 'debounce:debounce1|clock_div:u1|slow_clk'
Slack : 0.161
TNS   : 0.000

Type  : Fast 1200mV 0C Model Hold 'debounce:debounce2|clock_div:u1|slow_clk'
Slack : 0.170
TNS   : 0.000

Type  : Fast 1200mV 0C Model Hold 'clock50MHz'
Slack : 0.201
TNS   : 0.000

Type  : Fast 1200mV 0C Model Hold 'clock_divider|altpll_component|auto_generated|pll1|clk[0]'
Slack : 0.227
TNS   : 0.000

Type  : Fast 1200mV 0C Model Recovery 'switches[0]'
Slack : -4.022
TNS   : -11.861

Type  : Fast 1200mV 0C Model Removal 'switches[0]'
Slack : 1.337
TNS   : 0.000

Type  : Fast 1200mV 0C Model Minimum Pulse Width 'switches[0]'
Slack : -3.000
TNS   : -7.004

Type  : Fast 1200mV 0C Model Minimum Pulse Width 'debounce:debounce1|clock_div:u1|slow_clk'
Slack : -1.000
TNS   : -3.000

Type  : Fast 1200mV 0C Model Minimum Pulse Width 'debounce:debounce2|clock_div:u1|slow_clk'
Slack : -1.000
TNS   : -3.000

Type  : Fast 1200mV 0C Model Minimum Pulse Width 'clock50MHz'
Slack : 9.337
TNS   : 0.000

Type  : Fast 1200mV 0C Model Minimum Pulse Width 'clock_divider|altpll_component|auto_generated|pll1|clk[0]'
Slack : 19.673
TNS   : 0.000

------------------------------------------------------------
